==> inherited_normal_only_deep_svdd_seed1
   overall_auroc=0.6660050322275518 per_case_auroc=0.6497892787834979 overall_auprc=0.03935749757233466 per_case_auprc=0.07767891002324918
==> inherited_normal_only_deep_svdd_seed2
   overall_auroc=0.7083046650020861 per_case_auroc=0.7069297610867122 overall_auprc=0.04725043806414317 per_case_auprc=0.10082747115066036
==> inherited_normal_only_deep_svdd_seed3
   overall_auroc=0.5505579295570816 per_case_auroc=0.5092217817195241 overall_auprc=0.031750130283282996 per_case_auprc=0.07109282136583496
==> inherited_normal_only_deep_svdd_seed42
   overall_auroc=0.6895766366320908 per_case_auroc=0.6766662781711994 overall_auprc=0.04235495579283522 per_case_auprc=0.07781191755566537
==> inherited_normal_only_ocsvm_seed1
   overall_auroc=0.7586737648670866 per_case_auroc=0.7465570997005229 overall_auprc=0.058727003134664085 per_case_auprc=0.11237613611266502
==> inherited_normal_only_ocsvm_seed2
   overall_auroc=0.7586737648670866 per_case_auroc=0.7465570997005229 overall_auprc=0.058727003134664085 per_case_auprc=0.11237613611266502
==> inherited_normal_only_ocsvm_seed3
   overall_auroc=0.7586737648670866 per_case_auroc=0.7465570997005229 overall_auprc=0.058727003134664085 per_case_auprc=0.11237613611266502
==> inherited_normal_only_ocsvm_seed42
   overall_auroc=0.7586737648670866 per_case_auroc=0.7465570997005229 overall_auprc=0.058727003134664085 per_case_auprc=0.11237613611266502
==> inherited_normal_only_iforest_seed1
   overall_auroc=0.616598611005988 per_case_auroc=0.5690796276106949 overall_auprc=0.03570022094248729 per_case_auprc=0.06819835164501022
==> inherited_normal_only_iforest_seed2
   overall_auroc=0.6063681682244136 per_case_auroc=0.568725851758186 overall_auprc=0.03509041042542378 per_case_auprc=0.07148437217986955
==> inherited_normal_only_iforest_seed3
   overall_auroc=0.6147111693243938 per_case_auroc=0.577210911389457 overall_auprc=0.03561160180730847 per_case_auprc=0.0723407491737199
==> inherited_normal_only_iforest_seed42
   overall_auroc=0.6254933126707538 per_case_auroc=0.5846212108769588 overall_auprc=0.036642498893386326 per_case_auprc=0.07371266005357995
==> inherited_expanded_deep_svdd_seed1
   overall_auroc=0.8289858140545165 per_case_auroc=0.8675653097746946 overall_auprc=0.2473820966584991 per_case_auprc=0.6956771758875476
==> inherited_expanded_deep_svdd_seed2
   overall_auroc=0.8213794745929782 per_case_auroc=0.8544115280981018 overall_auprc=0.23325117100348994 per_case_auprc=0.5795023367932437
==> inherited_expanded_deep_svdd_seed3
   overall_auroc=0.8284335625989117 per_case_auroc=0.8734932767607703 overall_auprc=0.24822474975124703 per_case_auprc=0.6865049490048218
==> inherited_expanded_deep_svdd_seed42
   overall_auroc=0.8326297327832136 per_case_auroc=0.8675296338291012 overall_auprc=0.27256685305104233 per_case_auprc=0.6142441108612553
==> inherited_expanded_ocsvm_seed1
   overall_auroc=0.8111660936864862 per_case_auroc=0.83587467888069 overall_auprc=0.24354660698250116 per_case_auprc=0.6148132516207058
==> inherited_expanded_ocsvm_seed2
   overall_auroc=0.8111660936864862 per_case_auroc=0.83587467888069 overall_auprc=0.24354660698250116 per_case_auprc=0.6148132516207058
==> inherited_expanded_ocsvm_seed3
   overall_auroc=0.8111660936864862 per_case_auroc=0.83587467888069 overall_auprc=0.24354660698250116 per_case_auprc=0.6148132516207058
==> inherited_expanded_ocsvm_seed42
   overall_auroc=0.8111660936864862 per_case_auroc=0.83587467888069 overall_auprc=0.24354660698250116 per_case_auprc=0.6148132516207058
==> inherited_expanded_iforest_seed1
   overall_auroc=0.7056149117448809 per_case_auroc=0.7327634850738622 overall_auprc=0.0943453636025053 per_case_auprc=0.20421138340400424
==> inherited_expanded_iforest_seed2
   overall_auroc=0.7025050884609363 per_case_auroc=0.7286664791541848 overall_auprc=0.09227990290665451 per_case_auprc=0.2054779647182759
==> inherited_expanded_iforest_seed3
   overall_auroc=0.722243318477747 per_case_auroc=0.7396003832613391 overall_auprc=0.10038797051317654 per_case_auprc=0.20806230307259999
==> inherited_expanded_iforest_seed42
   overall_auroc=0.7014404258650384 per_case_auroc=0.7321555981074678 overall_auprc=0.09304354332008975 per_case_auprc=0.22377485481803966
==> full_normal_only_deep_svdd_seed1
   overall_auroc=0.7560605458051158 per_case_auroc=0.7413044418022767 overall_auprc=0.08443734448695824 per_case_auprc=0.1794314898064018
==> full_normal_only_deep_svdd_seed2
   overall_auroc=0.7526430098946901 per_case_auroc=0.7334324900556598 overall_auprc=0.08109223774555961 per_case_auprc=0.16554594090163716
==> full_normal_only_deep_svdd_seed3
   overall_auroc=0.7325991603546449 per_case_auroc=0.7150976978590637 overall_auprc=0.09184986065290421 per_case_auprc=0.2038082684807529
==> full_normal_only_deep_svdd_seed42
   overall_auroc=0.7336017501615334 per_case_auroc=0.7013023549441498 overall_auprc=0.07259407437417562 per_case_auprc=0.15006696108569245
==> full_normal_only_ocsvm_seed1
   overall_auroc=0.8124031708849202 per_case_auroc=0.7805899865229073 overall_auprc=0.09049208907091297 per_case_auprc=0.15769953329851083
==> full_normal_only_ocsvm_seed2
   overall_auroc=0.8124031708849202 per_case_auroc=0.7805899865229073 overall_auprc=0.09049208907091297 per_case_auprc=0.15769953329851083
==> full_normal_only_ocsvm_seed3
   overall_auroc=0.8124031708849202 per_case_auroc=0.7805899865229073 overall_auprc=0.09049208907091297 per_case_auprc=0.15769953329851083
==> full_normal_only_ocsvm_seed42
   overall_auroc=0.8124031708849202 per_case_auroc=0.7805899865229073 overall_auprc=0.09049208907091297 per_case_auprc=0.15769953329851083
==> full_normal_only_iforest_seed1
   overall_auroc=0.6749187273299246 per_case_auroc=0.6456680044094089 overall_auprc=0.04007386214379163 per_case_auprc=0.07541285999862496
==> full_normal_only_iforest_seed2
   overall_auroc=0.6533318837028608 per_case_auroc=0.621473591625393 overall_auprc=0.036843509969300296 per_case_auprc=0.06860867812797602
==> full_normal_only_iforest_seed3
   overall_auroc=0.6618517411458865 per_case_auroc=0.632635572678669 overall_auprc=0.0382571401526264 per_case_auprc=0.07083745289234192
==> full_normal_only_iforest_seed42
   overall_auroc=0.6707410975655473 per_case_auroc=0.6396122562858573 overall_auprc=0.03935557653560168 per_case_auprc=0.07377114008263828
==> full_expanded_deep_svdd_seed1
   overall_auroc=0.9129431775665211 per_case_auroc=0.9486698306056949 overall_auprc=0.25342534194573435 per_case_auprc=0.6623746792759775
==> full_expanded_deep_svdd_seed2
   overall_auroc=0.9244801096123214 per_case_auroc=0.9516877969585199 overall_auprc=0.28646760036430796 per_case_auprc=0.6895543757202581
==> full_expanded_deep_svdd_seed3
   overall_auroc=0.9282802288392429 per_case_auroc=0.9655953976150589 overall_auprc=0.28745700735872287 per_case_auprc=0.7501219551081081
==> full_expanded_deep_svdd_seed42
   overall_auroc=0.9322585268933153 per_case_auroc=0.9637714215512301 overall_auprc=0.3094223301919413 per_case_auprc=0.7326998076582387
==> full_expanded_ocsvm_seed1
   overall_auroc=0.9264119973743615 per_case_auroc=0.9495687290558347 overall_auprc=0.29308783773874636 per_case_auprc=0.686618335574175
==> full_expanded_ocsvm_seed2
   overall_auroc=0.9264119973743615 per_case_auroc=0.9495687290558347 overall_auprc=0.29308783773874636 per_case_auprc=0.686618335574175
==> full_expanded_ocsvm_seed3
   overall_auroc=0.9264119973743615 per_case_auroc=0.9495687290558347 overall_auprc=0.29308783773874636 per_case_auprc=0.686618335574175
==> full_expanded_ocsvm_seed42
   overall_auroc=0.9264119973743615 per_case_auroc=0.9495687290558347 overall_auprc=0.29308783773874636 per_case_auprc=0.686618335574175
==> full_expanded_iforest_seed1
   overall_auroc=0.7820584799964129 per_case_auroc=0.8129796551555883 overall_auprc=0.10961345411632718 per_case_auprc=0.21562071753555107
==> full_expanded_iforest_seed2
   overall_auroc=0.7785779653653878 per_case_auroc=0.8168751809736169 overall_auprc=0.10781461779911314 per_case_auprc=0.22261374505042758
==> full_expanded_iforest_seed3
   overall_auroc=0.7779649243511799 per_case_auroc=0.8100413916689156 overall_auprc=0.10771523087988616 per_case_auprc=0.2182470272050624
==> full_expanded_iforest_seed42
   overall_auroc=0.7844613949549812 per_case_auroc=0.8149844537961592 overall_auprc=0.11017254160858936 per_case_auprc=0.2279067970484008
==> missing_indicator_only_expanded_deep_svdd_seed1
   overall_auroc=0.6787326222351593 per_case_auroc=0.667148458530267 overall_auprc=0.1179242152081549 per_case_auprc=0.24388512524314357
==> missing_indicator_only_expanded_deep_svdd_seed2
   overall_auroc=0.6787326222351593 per_case_auroc=0.667148458530267 overall_auprc=0.1179242152081549 per_case_auprc=0.24388512524314357
==> missing_indicator_only_expanded_deep_svdd_seed3
   overall_auroc=0.6787326222351593 per_case_auroc=0.667148458530267 overall_auprc=0.1179242152081549 per_case_auprc=0.24388512524314357
==> missing_indicator_only_expanded_deep_svdd_seed42
   overall_auroc=0.6787326222351593 per_case_auroc=0.667148458530267 overall_auprc=0.1179242152081549 per_case_auprc=0.24388512524314357
==> full_with_missing_indicator_expanded_deep_svdd_seed1
   overall_auroc=0.9352586055448603 per_case_auroc=0.9667158312211648 overall_auprc=0.31182548707879254 per_case_auprc=0.7595039799328632
==> full_with_missing_indicator_expanded_deep_svdd_seed2
   overall_auroc=0.9338674287780857 per_case_auroc=0.9568328282131602 overall_auprc=0.32637676382085473 per_case_auprc=0.7388381748667492
==> full_with_missing_indicator_expanded_deep_svdd_seed3
   overall_auroc=0.9251241702078238 per_case_auroc=0.955302611510715 overall_auprc=0.2940120704493305 per_case_auprc=0.7216978540942606
==> full_with_missing_indicator_expanded_deep_svdd_seed42
   overall_auroc=0.9302209373353003 per_case_auroc=0.9573177313553977 overall_auprc=0.323021866747138 per_case_auprc=0.7131055145205828

Wrote summary: artifacts/downstream_benchmark/_summary.tsv
