[run ] inherited_normal_only_deep_svdd_seed1 ...
      OK in 3.9s |
[run ] inherited_normal_only_deep_svdd_seed2 ...
      OK in 3.8s |
[run ] inherited_normal_only_deep_svdd_seed3 ...
      OK in 3.9s |
[run ] inherited_normal_only_deep_svdd_seed42 ...
      OK in 3.9s |
[run ] inherited_normal_only_ocsvm_seed1 ...
      OK in 3.2s |
[run ] inherited_normal_only_ocsvm_seed2 ...
      OK in 3.1s |
[run ] inherited_normal_only_ocsvm_seed3 ...
      OK in 3.1s |
[run ] inherited_normal_only_ocsvm_seed42 ...
      OK in 3.1s |
[run ] inherited_normal_only_iforest_seed1 ...
      OK in 3.1s |
[run ] inherited_normal_only_iforest_seed2 ...
      OK in 3.2s |
[run ] inherited_normal_only_iforest_seed3 ...
      OK in 3.2s |
[run ] inherited_normal_only_iforest_seed42 ...
      OK in 3.2s |
[run ] inherited_expanded_deep_svdd_seed1 ...
      OK in 4.0s |
[run ] inherited_expanded_deep_svdd_seed2 ...
      OK in 4.1s |
[run ] inherited_expanded_deep_svdd_seed3 ...
      OK in 4.1s |
[run ] inherited_expanded_deep_svdd_seed42 ...
      OK in 4.1s |
[run ] inherited_expanded_ocsvm_seed1 ...
[skip] inherited_normal_only_deep_svdd_seed1 (already done)
[skip] inherited_normal_only_deep_svdd_seed2 (already done)
[skip] inherited_normal_only_deep_svdd_seed3 (already done)
[skip] inherited_normal_only_deep_svdd_seed42 (already done)
[skip] inherited_normal_only_ocsvm_seed1 (already done)
[skip] inherited_normal_only_ocsvm_seed2 (already done)
[skip] inherited_normal_only_ocsvm_seed3 (already done)
[skip] inherited_normal_only_ocsvm_seed42 (already done)
[skip] inherited_normal_only_iforest_seed1 (already done)
[skip] inherited_normal_only_iforest_seed2 (already done)
[skip] inherited_normal_only_iforest_seed3 (already done)
[skip] inherited_normal_only_iforest_seed42 (already done)
[skip] inherited_expanded_deep_svdd_seed1 (already done)
[skip] inherited_expanded_deep_svdd_seed2 (already done)
[skip] inherited_expanded_deep_svdd_seed3 (already done)
[skip] inherited_expanded_deep_svdd_seed42 (already done)
[run ] inherited_expanded_ocsvm_seed1 ...
      OK in 4.7s |
[run ] inherited_expanded_ocsvm_seed2 ...
      OK in 4.6s |
[run ] inherited_expanded_ocsvm_seed2 ...
      OK in 4.6s |
[run ] inherited_expanded_ocsvm_seed3 ...
      OK in 4.5s |
[run ] inherited_expanded_ocsvm_seed3 ...
      OK in 4.5s |
[run ] inherited_expanded_ocsvm_seed42 ...
      OK in 4.5s |
[run ] inherited_expanded_ocsvm_seed42 ...
      OK in 4.5s |
[run ] inherited_expanded_iforest_seed1 ...
      OK in 4.7s |
[run ] inherited_expanded_iforest_seed1 ...
      OK in 3.4s |
[run ] inherited_expanded_iforest_seed2 ...
      OK in 3.4s |
[run ] inherited_expanded_iforest_seed2 ...
      OK in 3.4s |
[run ] inherited_expanded_iforest_seed3 ...
      OK in 3.5s |
[run ] inherited_expanded_iforest_seed3 ...
      OK in 3.4s |
[run ] inherited_expanded_iforest_seed42 ...
      OK in 3.4s |
[run ] inherited_expanded_iforest_seed42 ...
      OK in 3.4s |
[run ] full_normal_only_deep_svdd_seed1 ...
      OK in 3.5s |
[run ] full_normal_only_deep_svdd_seed1 ...
      OK in 4.3s |
[run ] full_normal_only_deep_svdd_seed2 ...
      OK in 4.2s |
[run ] full_normal_only_deep_svdd_seed2 ...
      OK in 4.3s |
[run ] full_normal_only_deep_svdd_seed3 ...
      OK in 4.3s |
[run ] full_normal_only_deep_svdd_seed3 ...
      OK in 4.3s |
[run ] full_normal_only_deep_svdd_seed42 ...
      OK in 4.2s |
[run ] full_normal_only_deep_svdd_seed42 ...
      OK in 4.2s |
[run ] full_normal_only_ocsvm_seed1 ...
      OK in 4.3s |
[run ] full_normal_only_ocsvm_seed1 ...
      OK in 3.5s |
[run ] full_normal_only_ocsvm_seed2 ...
      OK in 3.4s |
[run ] full_normal_only_ocsvm_seed2 ...
      OK in 3.4s |
[run ] full_normal_only_ocsvm_seed3 ...
      OK in 3.5s |
[run ] full_normal_only_ocsvm_seed3 ...
      OK in 3.4s |
[run ] full_normal_only_ocsvm_seed42 ...
      OK in 3.5s |
[run ] full_normal_only_ocsvm_seed42 ...
      OK in 3.4s |
[run ] full_normal_only_iforest_seed1 ...
      OK in 3.4s |
[run ] full_normal_only_iforest_seed1 ...
      OK in 3.4s |
[run ] full_normal_only_iforest_seed2 ...
      OK in 3.4s |
[run ] full_normal_only_iforest_seed2 ...
      OK in 3.5s |
[run ] full_normal_only_iforest_seed3 ...
      OK in 3.5s |
[run ] full_normal_only_iforest_seed3 ...
      OK in 3.4s |
[run ] full_normal_only_iforest_seed42 ...
      OK in 3.4s |
[run ] full_normal_only_iforest_seed42 ...
      OK in 3.5s |
[run ] full_expanded_deep_svdd_seed1 ...
      OK in 3.5s |
[run ] full_expanded_deep_svdd_seed1 ...
      OK in 4.7s |
[run ] full_expanded_deep_svdd_seed2 ...
      OK in 4.7s |
[run ] full_expanded_deep_svdd_seed2 ...
      OK in 4.6s |
[run ] full_expanded_deep_svdd_seed3 ...
      OK in 4.7s |
[run ] full_expanded_deep_svdd_seed3 ...
      OK in 4.8s |
[run ] full_expanded_deep_svdd_seed42 ...
      OK in 4.6s |
[run ] full_expanded_deep_svdd_seed42 ...
      OK in 4.6s |
[run ] full_expanded_ocsvm_seed1 ...
      OK in 4.9s |
[run ] full_expanded_ocsvm_seed1 ...
      OK in 5.0s |
[run ] full_expanded_ocsvm_seed2 ...
      OK in 4.8s |
[run ] full_expanded_ocsvm_seed2 ...
      OK in 4.8s |
[run ] full_expanded_ocsvm_seed3 ...
      OK in 4.8s |
[run ] full_expanded_ocsvm_seed3 ...
      OK in 4.8s |
[run ] full_expanded_ocsvm_seed42 ...
      OK in 4.7s |
[run ] full_expanded_ocsvm_seed42 ...
      OK in 4.8s |
[run ] full_expanded_iforest_seed1 ...
      OK in 4.7s |
[run ] full_expanded_iforest_seed1 ...
      OK in 3.4s |
[run ] full_expanded_iforest_seed2 ...
      OK in 3.4s |
[run ] full_expanded_iforest_seed2 ...
      OK in 3.4s |
[run ] full_expanded_iforest_seed3 ...
      OK in 3.4s |
[run ] full_expanded_iforest_seed3 ...
      OK in 3.4s |
[run ] full_expanded_iforest_seed42 ...
      OK in 3.4s |
[run ] full_expanded_iforest_seed42 ...
      OK in 3.4s |
      OK in 3.2s |
